19:57:57 **** Build of project micro_blaze_software_bsp ****
make -k all 
"Running Make include in microblaze_0/libsrc/bram_v4_1/src"
make -C microblaze_0/libsrc/bram_v4_1/src -s include  "SHELL=CMD" "COMPILER=mb-gcc" "ARCHIVER=mb-ar" "COMPILER_FLAGS= -O2 -c -mcpu=v9.6 -mlittle-endian -mxl-soft-mul" "EXTRA_COMPILER_FLAGS=-g"
"Running Make include in microblaze_0/libsrc/cpu_v2_4/src"
make -C microblaze_0/libsrc/cpu_v2_4/src -s include  "SHELL=CMD" "COMPILER=mb-gcc" "ARCHIVER=mb-ar" "COMPILER_FLAGS= -O2 -c -mcpu=v9.6 -mlittle-endian -mxl-soft-mul" "EXTRA_COMPILER_FLAGS=-g"
"Running Make include in microblaze_0/libsrc/emaclite_v4_2/src"
make -C microblaze_0/libsrc/emaclite_v4_2/src -s include  "SHELL=CMD" "COMPILER=mb-gcc" "ARCHIVER=mb-ar" "COMPILER_FLAGS= -O2 -c -mcpu=v9.6 -mlittle-endian -mxl-soft-mul" "EXTRA_COMPILER_FLAGS=-g"
"Running Make include in microblaze_0/libsrc/gpio_v4_1/src"
make -C microblaze_0/libsrc/gpio_v4_1/src -s include  "SHELL=CMD" "COMPILER=mb-gcc" "ARCHIVER=mb-ar" "COMPILER_FLAGS= -O2 -c -mcpu=v9.6 -mlittle-endian -mxl-soft-mul" "EXTRA_COMPILER_FLAGS=-g"
"Running Make include in microblaze_0/libsrc/intc_v3_5/src"
make -C microblaze_0/libsrc/intc_v3_5/src -s include  "SHELL=CMD" "COMPILER=mb-gcc" "ARCHIVER=mb-ar" "COMPILER_FLAGS= -O2 -c -mcpu=v9.6 -mlittle-endian -mxl-soft-mul" "EXTRA_COMPILER_FLAGS=-g"
"Running Make include in microblaze_0/libsrc/standalone_v5_4/src"
make -C microblaze_0/libsrc/standalone_v5_4/src -s include  "SHELL=CMD" "COMPILER=mb-gcc" "ARCHIVER=mb-ar" "COMPILER_FLAGS= -O2 -c -mcpu=v9.6 -mlittle-endian -mxl-soft-mul" "EXTRA_COMPILER_FLAGS=-g"
"Running Make include in microblaze_0/libsrc/tmrctr_v4_1/src"
make -C microblaze_0/libsrc/tmrctr_v4_1/src -s include  "SHELL=CMD" "COMPILER=mb-gcc" "ARCHIVER=mb-ar" "COMPILER_FLAGS= -O2 -c -mcpu=v9.6 -mlittle-endian -mxl-soft-mul" "EXTRA_COMPILER_FLAGS=-g"
"Running Make include in microblaze_0/libsrc/uartlite_v3_2/src"
make -C microblaze_0/libsrc/uartlite_v3_2/src -s include  "SHELL=CMD" "COMPILER=mb-gcc" "ARCHIVER=mb-ar" "COMPILER_FLAGS= -O2 -c -mcpu=v9.6 -mlittle-endian -mxl-soft-mul" "EXTRA_COMPILER_FLAGS=-g"
"Running Make libs in microblaze_0/libsrc/bram_v4_1/src"
make -C microblaze_0/libsrc/bram_v4_1/src -s libs  "SHELL=CMD" "COMPILER=mb-gcc" "ARCHIVER=mb-ar" "COMPILER_FLAGS= -O2 -c -mcpu=v9.6 -mlittle-endian -mxl-soft-mul" "EXTRA_COMPILER_FLAGS=-g"
"Compiling bram"
mb-ar: creating ../../../lib/libxil.a
"Running Make libs in microblaze_0/libsrc/cpu_v2_4/src"
make -C microblaze_0/libsrc/cpu_v2_4/src -s libs  "SHELL=CMD" "COMPILER=mb-gcc" "ARCHIVER=mb-ar" "COMPILER_FLAGS= -O2 -c -mcpu=v9.6 -mlittle-endian -mxl-soft-mul" "EXTRA_COMPILER_FLAGS=-g"
"Compiling cpu"
"Running Make libs in microblaze_0/libsrc/emaclite_v4_2/src"
make -C microblaze_0/libsrc/emaclite_v4_2/src -s libs  "SHELL=CMD" "COMPILER=mb-gcc" "ARCHIVER=mb-ar" "COMPILER_FLAGS= -O2 -c -mcpu=v9.6 -mlittle-endian -mxl-soft-mul" "EXTRA_COMPILER_FLAGS=-g"
"Compiling emaclite"
xemaclite_l.c: In function 'XEmacLite_AlignedWrite':
xemaclite_l.c:247:10: warning: assignment from incompatible pointer type [-Wincompatible-pointer-types]
  To32Ptr = DestPtr;
          ^
"Running Make libs in microblaze_0/libsrc/gpio_v4_1/src"
make -C microblaze_0/libsrc/gpio_v4_1/src -s libs  "SHELL=CMD" "COMPILER=mb-gcc" "ARCHIVER=mb-ar" "COMPILER_FLAGS= -O2 -c -mcpu=v9.6 -mlittle-endian -mxl-soft-mul" "EXTRA_COMPILER_FLAGS=-g"
"Compiling gpio"
"Running Make libs in microblaze_0/libsrc/intc_v3_5/src"
make -C microblaze_0/libsrc/intc_v3_5/src -s libs  "SHELL=CMD" "COMPILER=mb-gcc" "ARCHIVER=mb-ar" "COMPILER_FLAGS= -O2 -c -mcpu=v9.6 -mlittle-endian -mxl-soft-mul" "EXTRA_COMPILER_FLAGS=-g"
"Compiling intc"
"Running Make libs in microblaze_0/libsrc/standalone_v5_4/src"
make -C microblaze_0/libsrc/standalone_v5_4/src -s libs  "SHELL=CMD" "COMPILER=mb-gcc" "ARCHIVER=mb-ar" "COMPILER_FLAGS= -O2 -c -mcpu=v9.6 -mlittle-endian -mxl-soft-mul" "EXTRA_COMPILER_FLAGS=-g"
"Compiling standalone";
"Running Make libs in microblaze_0/libsrc/tmrctr_v4_1/src"
make -C microblaze_0/libsrc/tmrctr_v4_1/src -s libs  "SHELL=CMD" "COMPILER=mb-gcc" "ARCHIVER=mb-ar" "COMPILER_FLAGS= -O2 -c -mcpu=v9.6 -mlittle-endian -mxl-soft-mul" "EXTRA_COMPILER_FLAGS=-g"
"Compiling tmrctr"
"Running Make libs in microblaze_0/libsrc/uartlite_v3_2/src"
make -C microblaze_0/libsrc/uartlite_v3_2/src -s libs  "SHELL=CMD" "COMPILER=mb-gcc" "ARCHIVER=mb-ar" "COMPILER_FLAGS= -O2 -c -mcpu=v9.6 -mlittle-endian -mxl-soft-mul" "EXTRA_COMPILER_FLAGS=-g"
"Compiling uartlite"
'Finished building libraries'
19:58:06 **** Build of configuration Debug for project micro_blaze_software ****
make all 
'Building file: ../src/helloworld.c'
'Invoking: MicroBlaze gcc compiler'
mb-gcc -Wall -O0 -g3 -c -fmessage-length=0 -MT"src/helloworld.o" -I../../micro_blaze_software_bsp/microblaze_0/include -mlittle-endian -mcpu=v9.6 -mxl-soft-mul -Wl,--no-relax -MMD -MP -MF"src/helloworld.d" -MT"src/helloworld.o" -o "src/helloworld.o" "../src/helloworld.c"
'Finished building: ../src/helloworld.c'
' '
'Building file: ../src/platform.c'
'Invoking: MicroBlaze gcc compiler'
mb-gcc -Wall -O0 -g3 -c -fmessage-length=0 -MT"src/platform.o" -I../../micro_blaze_software_bsp/microblaze_0/include -mlittle-endian -mcpu=v9.6 -mxl-soft-mul -Wl,--no-relax -MMD -MP -MF"src/platform.d" -MT"src/platform.o" -o "src/platform.o" "../src/platform.c"
'Finished building: ../src/platform.c'
' '
'Building target: micro_blaze_software.elf'
'Invoking: MicroBlaze gcc linker'
mb-gcc -Wl,-T -Wl,../src/lscript.ld -L../../micro_blaze_software_bsp/microblaze_0/lib -mlittle-endian -mcpu=v9.6 -mxl-soft-mul -Wl,--no-relax -o "micro_blaze_software.elf"  ./src/helloworld.o ./src/platform.o   -Wl,--start-group,-lxil,-lgcc,-lc,--end-group
'Finished building target: micro_blaze_software.elf'
' '
'Invoking: MicroBlaze Print Size'
mb-size micro_blaze_software.elf  |tee "micro_blaze_software.elf.size"
   text	   data	    bss	    dec	    hex	filename
   7156	    352	   3252	  10760	   2a08	micro_blaze_software.elf
'Finished building: micro_blaze_software.elf.size'
' '
20:00:02 **** Auto Build of configuration Debug for project micro_blaze_software ****
make all 
'Building file: ../src/helloworld.c'
'Invoking: MicroBlaze gcc compiler'
mb-gcc -Wall -O0 -g3 -c -fmessage-length=0 -MT"src/helloworld.o" -I../../micro_blaze_software_bsp/microblaze_0/include -mlittle-endian -mcpu=v9.6 -mxl-soft-mul -Wl,--no-relax -MMD -MP -MF"src/helloworld.d" -MT"src/helloworld.o" -o "src/helloworld.o" "../src/helloworld.c"
'Finished building: ../src/helloworld.c'
' '
'Building target: micro_blaze_software.elf'
'Invoking: MicroBlaze gcc linker'
mb-gcc -Wl,-T -Wl,../src/lscript.ld -L../../micro_blaze_software_bsp/microblaze_0/lib -mlittle-endian -mcpu=v9.6 -mxl-soft-mul -Wl,--no-relax -o "micro_blaze_software.elf"  ./src/helloworld.o ./src/platform.o   -Wl,--start-group,-lxil,-lgcc,-lc,--end-group
'Finished building target: micro_blaze_software.elf'
' '
'Invoking: MicroBlaze Print Size'
mb-size micro_blaze_software.elf  |tee "micro_blaze_software.elf.size"
   text	   data	    bss	    dec	    hex	filename
  10632	    368	   3288	  14288	   37d0	micro_blaze_software.elf
'Finished building: micro_blaze_software.elf.size'
' '
20:00:08 **** Incremental Build of configuration Debug for project micro_blaze_software ****
make all 
make: Nothing to be done for `all'.
20:03:45 **** Incremental Build of configuration Debug for project micro_blaze_software ****
make all 
make: Nothing to be done for `all'.
20:03:46 **** Incremental Build of configuration Debug for project micro_blaze_software ****
make all 
make: Nothing to be done for `all'.
20:05:39 **** Incremental Build of configuration Debug for project micro_blaze_software ****
make all 
make: Nothing to be done for `all'.
20:05:45 **** Incremental Build of configuration Debug for project micro_blaze_software ****
make all 
make: Nothing to be done for `all'.
20:05:56 **** Incremental Build of configuration Debug for project micro_blaze_software ****
make all 
make: Nothing to be done for `all'.
20:05:58 **** Incremental Build of configuration Debug for project micro_blaze_software ****
make all 
make: Nothing to be done for `all'.
20:06:06 **** Incremental Build of configuration Debug for project micro_blaze_software ****
make all 
make: Nothing to be done for `all'.
20:06:07 **** Incremental Build of configuration Debug for project micro_blaze_software ****
make all 
make: Nothing to be done for `all'.
00:58:26 **** Build of project micro_blaze_software_bsp ****
make -k all 
"Running Make include in microblaze_0/libsrc/bram_v4_1/src"
make -C microblaze_0/libsrc/bram_v4_1/src -s include  "SHELL=CMD" "COMPILER=mb-gcc" "ARCHIVER=mb-ar" "COMPILER_FLAGS= -O2 -c -mcpu=v9.6 -mlittle-endian -mxl-soft-mul" "EXTRA_COMPILER_FLAGS=-g"
"Running Make include in microblaze_0/libsrc/cpu_v2_4/src"
make -C microblaze_0/libsrc/cpu_v2_4/src -s include  "SHELL=CMD" "COMPILER=mb-gcc" "ARCHIVER=mb-ar" "COMPILER_FLAGS= -O2 -c -mcpu=v9.6 -mlittle-endian -mxl-soft-mul" "EXTRA_COMPILER_FLAGS=-g"
"Running Make include in microblaze_0/libsrc/emaclite_v4_2/src"
make -C microblaze_0/libsrc/emaclite_v4_2/src -s include  "SHELL=CMD" "COMPILER=mb-gcc" "ARCHIVER=mb-ar" "COMPILER_FLAGS= -O2 -c -mcpu=v9.6 -mlittle-endian -mxl-soft-mul" "EXTRA_COMPILER_FLAGS=-g"
"Running Make include in microblaze_0/libsrc/gpio_v4_1/src"
make -C microblaze_0/libsrc/gpio_v4_1/src -s include  "SHELL=CMD" "COMPILER=mb-gcc" "ARCHIVER=mb-ar" "COMPILER_FLAGS= -O2 -c -mcpu=v9.6 -mlittle-endian -mxl-soft-mul" "EXTRA_COMPILER_FLAGS=-g"
"Running Make include in microblaze_0/libsrc/intc_v3_5/src"
make -C microblaze_0/libsrc/intc_v3_5/src -s include  "SHELL=CMD" "COMPILER=mb-gcc" "ARCHIVER=mb-ar" "COMPILER_FLAGS= -O2 -c -mcpu=v9.6 -mlittle-endian -mxl-soft-mul" "EXTRA_COMPILER_FLAGS=-g"
"Running Make include in microblaze_0/libsrc/standalone_v5_4/src"
make -C microblaze_0/libsrc/standalone_v5_4/src -s include  "SHELL=CMD" "COMPILER=mb-gcc" "ARCHIVER=mb-ar" "COMPILER_FLAGS= -O2 -c -mcpu=v9.6 -mlittle-endian -mxl-soft-mul" "EXTRA_COMPILER_FLAGS=-g"
"Running Make include in microblaze_0/libsrc/tmrctr_v4_1/src"
make -C microblaze_0/libsrc/tmrctr_v4_1/src -s include  "SHELL=CMD" "COMPILER=mb-gcc" "ARCHIVER=mb-ar" "COMPILER_FLAGS= -O2 -c -mcpu=v9.6 -mlittle-endian -mxl-soft-mul" "EXTRA_COMPILER_FLAGS=-g"
"Running Make include in microblaze_0/libsrc/uartlite_v3_2/src"
make -C microblaze_0/libsrc/uartlite_v3_2/src -s include  "SHELL=CMD" "COMPILER=mb-gcc" "ARCHIVER=mb-ar" "COMPILER_FLAGS= -O2 -c -mcpu=v9.6 -mlittle-endian -mxl-soft-mul" "EXTRA_COMPILER_FLAGS=-g"
"Running Make libs in microblaze_0/libsrc/bram_v4_1/src"
make -C microblaze_0/libsrc/bram_v4_1/src -s libs  "SHELL=CMD" "COMPILER=mb-gcc" "ARCHIVER=mb-ar" "COMPILER_FLAGS= -O2 -c -mcpu=v9.6 -mlittle-endian -mxl-soft-mul" "EXTRA_COMPILER_FLAGS=-g"
"Compiling bram"
"Running Make libs in microblaze_0/libsrc/cpu_v2_4/src"
make -C microblaze_0/libsrc/cpu_v2_4/src -s libs  "SHELL=CMD" "COMPILER=mb-gcc" "ARCHIVER=mb-ar" "COMPILER_FLAGS= -O2 -c -mcpu=v9.6 -mlittle-endian -mxl-soft-mul" "EXTRA_COMPILER_FLAGS=-g"
"Compiling cpu"
"Running Make libs in microblaze_0/libsrc/emaclite_v4_2/src"
make -C microblaze_0/libsrc/emaclite_v4_2/src -s libs  "SHELL=CMD" "COMPILER=mb-gcc" "ARCHIVER=mb-ar" "COMPILER_FLAGS= -O2 -c -mcpu=v9.6 -mlittle-endian -mxl-soft-mul" "EXTRA_COMPILER_FLAGS=-g"
"Compiling emaclite"
xemaclite_l.c: In function 'XEmacLite_AlignedWrite':
xemaclite_l.c:247:10: warning: assignment from incompatible pointer type [-Wincompatible-pointer-types]
  To32Ptr = DestPtr;
          ^
"Running Make libs in microblaze_0/libsrc/gpio_v4_1/src"
make -C microblaze_0/libsrc/gpio_v4_1/src -s libs  "SHELL=CMD" "COMPILER=mb-gcc" "ARCHIVER=mb-ar" "COMPILER_FLAGS= -O2 -c -mcpu=v9.6 -mlittle-endian -mxl-soft-mul" "EXTRA_COMPILER_FLAGS=-g"
"Compiling gpio"
"Running Make libs in microblaze_0/libsrc/intc_v3_5/src"
make -C microblaze_0/libsrc/intc_v3_5/src -s libs  "SHELL=CMD" "COMPILER=mb-gcc" "ARCHIVER=mb-ar" "COMPILER_FLAGS= -O2 -c -mcpu=v9.6 -mlittle-endian -mxl-soft-mul" "EXTRA_COMPILER_FLAGS=-g"
"Compiling intc"
"Running Make libs in microblaze_0/libsrc/standalone_v5_4/src"
make -C microblaze_0/libsrc/standalone_v5_4/src -s libs  "SHELL=CMD" "COMPILER=mb-gcc" "ARCHIVER=mb-ar" "COMPILER_FLAGS= -O2 -c -mcpu=v9.6 -mlittle-endian -mxl-soft-mul" "EXTRA_COMPILER_FLAGS=-g"
"Compiling standalone";
"Running Make libs in microblaze_0/libsrc/tmrctr_v4_1/src"
make -C microblaze_0/libsrc/tmrctr_v4_1/src -s libs  "SHELL=CMD" "COMPILER=mb-gcc" "ARCHIVER=mb-ar" "COMPILER_FLAGS= -O2 -c -mcpu=v9.6 -mlittle-endian -mxl-soft-mul" "EXTRA_COMPILER_FLAGS=-g"
"Compiling tmrctr"
"Running Make libs in microblaze_0/libsrc/uartlite_v3_2/src"
make -C microblaze_0/libsrc/uartlite_v3_2/src -s libs  "SHELL=CMD" "COMPILER=mb-gcc" "ARCHIVER=mb-ar" "COMPILER_FLAGS= -O2 -c -mcpu=v9.6 -mlittle-endian -mxl-soft-mul" "EXTRA_COMPILER_FLAGS=-g"
"Compiling uartlite"
'Finished building libraries'
00:58:36 **** Build of configuration Debug for project micro_blaze_software ****
make all 
'Building file: ../src/helloworld.c'
'Invoking: MicroBlaze gcc compiler'
mb-gcc -Wall -O0 -g3 -c -fmessage-length=0 -MT"src/helloworld.o" -I../../micro_blaze_software_bsp/microblaze_0/include -mlittle-endian -mcpu=v9.6 -mxl-soft-mul -Wl,--no-relax -MMD -MP -MF"src/helloworld.d" -MT"src/helloworld.o" -o "src/helloworld.o" "../src/helloworld.c"
'Finished building: ../src/helloworld.c'
' '
'Building file: ../src/platform.c'
'Invoking: MicroBlaze gcc compiler'
mb-gcc -Wall -O0 -g3 -c -fmessage-length=0 -MT"src/platform.o" -I../../micro_blaze_software_bsp/microblaze_0/include -mlittle-endian -mcpu=v9.6 -mxl-soft-mul -Wl,--no-relax -MMD -MP -MF"src/platform.d" -MT"src/platform.o" -o "src/platform.o" "../src/platform.c"
'Finished building: ../src/platform.c'
' '
'Building target: micro_blaze_software.elf'
'Invoking: MicroBlaze gcc linker'
mb-gcc -Wl,-T -Wl,../src/lscript.ld -L../../micro_blaze_software_bsp/microblaze_0/lib -mlittle-endian -mcpu=v9.6 -mxl-soft-mul -Wl,--no-relax -o "micro_blaze_software.elf"  ./src/helloworld.o ./src/platform.o   -Wl,--start-group,-lxil,-lgcc,-lc,--end-group
'Finished building target: micro_blaze_software.elf'
' '
'Invoking: MicroBlaze Print Size'
mb-size micro_blaze_software.elf  |tee "micro_blaze_software.elf.size"
   text	   data	    bss	    dec	    hex	filename
  10632	    368	   3288	  14288	   37d0	micro_blaze_software.elf
'Finished building: micro_blaze_software.elf.size'
' '
00:58:45 **** Incremental Build of configuration Debug for project micro_blaze_software ****
make all 
make: Nothing to be done for `all'.
01:15:57 **** Auto Build of configuration Debug for project micro_blaze_software ****
make all 
'Building file: ../src/helloworld.c'
'Invoking: MicroBlaze gcc compiler'
mb-gcc -Wall -O0 -g3 -c -fmessage-length=0 -MT"src/helloworld.o" -I../../micro_blaze_software_bsp/microblaze_0/include -mlittle-endian -mcpu=v9.6 -mxl-soft-mul -Wl,--no-relax -MMD -MP -MF"src/helloworld.d" -MT"src/helloworld.o" -o "src/helloworld.o" "../src/helloworld.c"
'Finished building: ../src/helloworld.c'
' '
'Building target: micro_blaze_software.elf'
'Invoking: MicroBlaze gcc linker'
mb-gcc -Wl,-T -Wl,../src/lscript.ld -L../../micro_blaze_software_bsp/microblaze_0/lib -mlittle-endian -mcpu=v9.6 -mxl-soft-mul -Wl,--no-relax -o "micro_blaze_software.elf"  ./src/helloworld.o ./src/platform.o   -Wl,--start-group,-lxil,-lgcc,-lc,--end-group
'Finished building target: micro_blaze_software.elf'
' '
'Invoking: MicroBlaze Print Size'
mb-size micro_blaze_software.elf  |tee "micro_blaze_software.elf.size"
   text	   data	    bss	    dec	    hex	filename
  10632	    368	   3288	  14288	   37d0	micro_blaze_software.elf
'Finished building: micro_blaze_software.elf.size'
' '
09:42:16 **** Incremental Build of configuration Debug for project micro_blaze_software ****
make all 
make: Nothing to be done for `all'.
11:18:01 **** Auto Build of configuration Debug for project micro_blaze_software ****
make all 
'Building file: ../src/helloworld.c'
'Invoking: MicroBlaze gcc compiler'
mb-gcc -Wall -O0 -g3 -c -fmessage-length=0 -MT"src/helloworld.o" -I../../micro_blaze_software_bsp/microblaze_0/include -mlittle-endian -mcpu=v9.6 -mxl-soft-mul -Wl,--no-relax -MMD -MP -MF"src/helloworld.d" -MT"src/helloworld.o" -o "src/helloworld.o" "../src/helloworld.c"
'Finished building: ../src/helloworld.c'
' '
'Building target: micro_blaze_software.elf'
'Invoking: MicroBlaze gcc linker'
mb-gcc -Wl,-T -Wl,../src/lscript.ld -L../../micro_blaze_software_bsp/microblaze_0/lib -mlittle-endian -mcpu=v9.6 -mxl-soft-mul -Wl,--no-relax -o "micro_blaze_software.elf"  ./src/helloworld.o ./src/platform.o   -Wl,--start-group,-lxil,-lgcc,-lc,--end-group
'Finished building target: micro_blaze_software.elf'
' '
'Invoking: MicroBlaze Print Size'
mb-size micro_blaze_software.elf  |tee "micro_blaze_software.elf.size"
   text	   data	    bss	    dec	    hex	filename
  10632	    368	   3288	  14288	   37d0	micro_blaze_software.elf
'Finished building: micro_blaze_software.elf.size'
' '
11:36:03 **** Incremental Build of configuration Debug for project micro_blaze_software ****
make all 
make: Nothing to be done for `all'.
11:39:35 **** Incremental Build of configuration Debug for project micro_blaze_software ****
make all 
make: Nothing to be done for `all'.
